src/components/ui/calendar.tsx(58,9): error TS2353: Object literal may only specify known properties, and 'IconLeft' does not exist in type 'Partial<CustomComponents>'.
src/components/ui/chart.tsx(115,7): error TS2339: Property 'payload' does not exist on type 'Omit<Omit<Props<ValueType, NameType>, PropertiesReadFromContext> & { active?: boolean | undefined; allowEscapeViewBox?: AllowInDimension | undefined; ... 24 more ...; wrapperStyle?: CSSProperties | undefined; } & ClassAttributes<...> & HTMLAttributes<...> & { ...; }, "ref">'.
src/components/ui/chart.tsx(120,7): error TS2339: Property 'label' does not exist on type 'Omit<Omit<Props<ValueType, NameType>, PropertiesReadFromContext> & { active?: boolean | undefined; allowEscapeViewBox?: AllowInDimension | undefined; ... 24 more ...; wrapperStyle?: CSSProperties | undefined; } & ClassAttributes<...> & HTMLAttributes<...> & { ...; }, "ref">'.
src/components/ui/chart.tsx(242,41): error TS2344: Type '"payload" | "verticalAlign"' does not satisfy the constraint '"string" | "filter" | "fill" | "values" | "slot" | "style" | "clipPath" | "mask" | "path" | "id" | "className" | "offset" | "key" | "type" | "suppressHydrationWarning" | "lang" | ... 434 more ... | "onBBoxUpdate"'.
  Type '"payload"' is not assignable to type '"string" | "filter" | "fill" | "values" | "slot" | "style" | "clipPath" | "mask" | "path" | "id" | "className" | "offset" | "key" | "type" | "suppressHydrationWarning" | "lang" | ... 434 more ... | "onBBoxUpdate"'.
src/components/ui/chart.tsx(249,17): error TS2339: Property 'length' does not exist on type '{}'.
src/components/ui/resizable.tsx(2,17): error TS2724: '"react-resizable-panels"' has no exported member named 'PanelGroup'. Did you mean 'PanelProps'?
src/components/ui/resizable.tsx(2,29): error TS2305: Module '"react-resizable-panels"' has no exported member 'PanelResizeHandle'.
